2026-05-18T06:05:48.362250Z 0 [System] [MY-015017] [Server] MySQL Server Initialization - start.
2026-05-18T06:05:48.376413Z 0 [System] [MY-013169] [Server] D:\mysql\mysql-8.4.0-winx64\bin\mysqld.exe (mysqld 8.4.0) initializing of server in progress as process 8036
2026-05-18T06:05:48.443580Z 1 [System] [MY-013576] [InnoDB] InnoDB initialization has started.
2026-05-18T06:05:48.777577Z 1 [System] [MY-013577] [InnoDB] InnoDB initialization has ended.
2026-05-18T06:05:50.576241Z 6 [Warning] [MY-010453] [Server] root@localhost is created with an empty password ! Please consider switching off the --initialize-insecure option.
2026-05-18T06:05:52.326920Z 0 [System] [MY-015018] [Server] MySQL Server Initialization - end.
2026-05-18T06:07:43.237497Z 0 [System] [MY-015015] [Server] MySQL Server - start.
2026-05-18T06:07:43.427418Z 0 [System] [MY-010116] [Server] D:\mysql\mysql-8.4.0-winx64\bin\mysqld.exe (mysqld 8.4.0) starting as process 37488
2026-05-18T06:07:43.564347Z 1 [System] [MY-013576] [InnoDB] InnoDB initialization has started.
2026-05-18T06:07:43.905092Z 1 [System] [MY-013577] [InnoDB] InnoDB initialization has ended.
2026-05-18T06:07:44.147820Z 0 [Warning] [MY-010068] [Server] CA certificate ca.pem is self signed.
2026-05-18T06:07:44.148623Z 0 [System] [MY-013602] [Server] Channel mysql_main configured to support TLS. Encrypted connections are now supported for this channel.
2026-05-18T06:07:44.186725Z 0 [System] [MY-010931] [Server] D:\mysql\mysql-8.4.0-winx64\bin\mysqld.exe: ready for connections. Version: '8.4.0'  socket: ''  port: 3306  MySQL Community Server - GPL.
2026-05-18T06:07:44.446688Z 0 [System] [MY-011323] [Server] X Plugin ready for connections. Bind-address: '::' port: 33060
2026-05-18T11:44:31.456689Z 0 [System] [MY-013105] [Server] D:\mysql\mysql-8.4.0-winx64\bin\mysqld.exe: Normal shutdown.
2026-05-18T11:44:32.171336Z 0 [System] [MY-010910] [Server] D:\mysql\mysql-8.4.0-winx64\bin\mysqld.exe: Shutdown complete (mysqld 8.4.0)  MySQL Community Server - GPL.
2026-05-18T11:44:32.174879Z 0 [System] [MY-015016] [Server] MySQL Server - end.
2026-05-18T11:45:10.252926Z 0 [System] [MY-015015] [Server] MySQL Server - start.
2026-05-18T11:45:10.506894Z 0 [System] [MY-010116] [Server] D:\mysql\mysql-8.4.0-winx64\bin\mysqld.exe (mysqld 8.4.0) starting as process 9764
2026-05-18T11:45:10.539883Z 1 [System] [MY-013576] [InnoDB] InnoDB initialization has started.
2026-05-19T16:22:28.158101Z 0 [System] [MY-015015] [Server] MySQL Server - start.
2026-05-19T16:22:28.266476Z 0 [System] [MY-010116] [Server] D:\mysql\mysql-8.4.0-winx64\bin\mysqld.exe (mysqld 8.4.0) starting as process 33116
2026-05-19T16:22:28.315294Z 1 [System] [MY-013576] [InnoDB] InnoDB initialization has started.
2026-05-19T16:22:28.889268Z 1 [System] [MY-013577] [InnoDB] InnoDB initialization has ended.
2026-05-19T16:22:29.054449Z 0 [System] [MY-010229] [Server] Starting XA crash recovery...
2026-05-19T16:22:29.060760Z 0 [System] [MY-010232] [Server] XA crash recovery finished.
2026-05-19T16:22:29.130929Z 0 [Warning] [MY-010068] [Server] CA certificate ca.pem is self signed.
2026-05-19T16:22:29.131797Z 0 [System] [MY-013602] [Server] Channel mysql_main configured to support TLS. Encrypted connections are now supported for this channel.
2026-05-19T16:22:29.201931Z 0 [System] [MY-010931] [Server] D:\mysql\mysql-8.4.0-winx64\bin\mysqld.exe: ready for connections. Version: '8.4.0'  socket: ''  port: 3306  MySQL Community Server - GPL.
2026-05-19T16:22:29.479242Z 0 [System] [MY-011323] [Server] X Plugin ready for connections. Bind-address: '::' port: 33060
2026-05-22T07:30:43.118545Z 0 [System] [MY-015015] [Server] MySQL Server - start.
2026-05-22T07:30:43.254815Z 0 [System] [MY-010116] [Server] D:\mysql\mysql-8.4.0-winx64\bin\mysqld.exe (mysqld 8.4.0) starting as process 18308
2026-05-22T07:30:43.407049Z 1 [System] [MY-013576] [InnoDB] InnoDB initialization has started.
2026-05-22T07:30:43.967666Z 1 [System] [MY-013577] [InnoDB] InnoDB initialization has ended.
2026-05-22T07:30:44.159440Z 0 [System] [MY-010229] [Server] Starting XA crash recovery...
2026-05-22T07:30:44.163172Z 0 [System] [MY-010232] [Server] XA crash recovery finished.
2026-05-22T07:30:44.229901Z 0 [Warning] [MY-010068] [Server] CA certificate ca.pem is self signed.
2026-05-22T07:30:44.230663Z 0 [System] [MY-013602] [Server] Channel mysql_main configured to support TLS. Encrypted connections are now supported for this channel.
2026-05-22T07:30:44.305616Z 0 [System] [MY-010931] [Server] D:\mysql\mysql-8.4.0-winx64\bin\mysqld.exe: ready for connections. Version: '8.4.0'  socket: ''  port: 3306  MySQL Community Server - GPL.
2026-05-22T07:30:44.572301Z 0 [System] [MY-011323] [Server] X Plugin ready for connections. Bind-address: '::' port: 33060
